// Jest Snapshot v1, https://goo.gl/fbAQLP

exports[`SiteHeader Should render and match the snapshot 1`] = `
ShallowWrapper {
  "length": 1,
  Symbol(enzyme.__root__): [Circular],
  Symbol(enzyme.__unrendered__): <SiteHeader
    setSiteNavIsFixedOffset={[Function]}
/>,
  Symbol(enzyme.__renderer__): Object {
    "batchedUpdates": [Function],
    "getNode": [Function],
    "render": [Function],
    "simulateEvent": [Function],
    "unmount": [Function],
  },
  Symbol(enzyme.__node__): Object {
    "instance": null,
    "key": null,
    "nodeType": "class",
    "props": Object {
      "children": Array [
        <styled.div>
          <Brand
                    href="/"
                    imageSource="my-logo.svg"
                    text="JOHAN MEESTER"
          />
          <Unknown />
</styled.div>,
        <Unknown
          setSiteNavIsFixedOffset={[Function]}
/>,
      ],
      "role": "banner",
    },
    "ref": null,
    "rendered": Array [
      Object {
        "instance": null,
        "key": null,
        "nodeType": "class",
        "props": Object {
          "children": Array [
            <Brand
              href="/"
              imageSource="my-logo.svg"
              text="JOHAN MEESTER"
/>,
            <Unknown />,
          ],
        },
        "ref": null,
        "rendered": Array [
          Object {
            "instance": null,
            "key": null,
            "nodeType": "function",
            "props": Object {
              "href": "/",
              "imageSource": "my-logo.svg",
              "text": "JOHAN MEESTER",
            },
            "ref": null,
            "rendered": null,
            "type": [Function],
          },
          Object {
            "instance": null,
            "key": null,
            "nodeType": "function",
            "props": Object {},
            "ref": null,
            "rendered": null,
            "type": [Function],
          },
        ],
        "type": [Function],
      },
      Object {
        "instance": null,
        "key": null,
        "nodeType": "function",
        "props": Object {
          "setSiteNavIsFixedOffset": [Function],
        },
        "ref": null,
        "rendered": null,
        "type": [Function],
      },
    ],
    "type": [Function],
  },
  Symbol(enzyme.__nodes__): Array [
    Object {
      "instance": null,
      "key": null,
      "nodeType": "class",
      "props": Object {
        "children": Array [
          <styled.div>
            <Brand
                        href="/"
                        imageSource="my-logo.svg"
                        text="JOHAN MEESTER"
            />
            <Unknown />
</styled.div>,
          <Unknown
            setSiteNavIsFixedOffset={[Function]}
/>,
        ],
        "role": "banner",
      },
      "ref": null,
      "rendered": Array [
        Object {
          "instance": null,
          "key": null,
          "nodeType": "class",
          "props": Object {
            "children": Array [
              <Brand
                href="/"
                imageSource="my-logo.svg"
                text="JOHAN MEESTER"
/>,
              <Unknown />,
            ],
          },
          "ref": null,
          "rendered": Array [
            Object {
              "instance": null,
              "key": null,
              "nodeType": "function",
              "props": Object {
                "href": "/",
                "imageSource": "my-logo.svg",
                "text": "JOHAN MEESTER",
              },
              "ref": null,
              "rendered": null,
              "type": [Function],
            },
            Object {
              "instance": null,
              "key": null,
              "nodeType": "function",
              "props": Object {},
              "ref": null,
              "rendered": null,
              "type": [Function],
            },
          ],
          "type": [Function],
        },
        Object {
          "instance": null,
          "key": null,
          "nodeType": "function",
          "props": Object {
            "setSiteNavIsFixedOffset": [Function],
          },
          "ref": null,
          "rendered": null,
          "type": [Function],
        },
      ],
      "type": [Function],
    },
  ],
  Symbol(enzyme.__options__): Object {
    "adapter": ReactSixteenAdapter {
      "options": Object {
        "enableComponentDidUpdateOnSetState": true,
      },
    },
    "context": Object {
      "router": Object {
        "history": Object {
          "_listeners": Array [],
          "_notifyListeners": [Function],
          "action": "POP",
          "createHref": [Function],
          "listen": [Function],
          "location": Object {
            "hash": "",
            "key": "dfixqz",
            "pathname": "/",
            "search": "",
          },
          "push": [Function],
          "replace": [Function],
        },
        "route": Object {
          "location": Object {
            "hash": "",
            "key": "dfixqz",
            "pathname": "/",
            "search": "",
          },
          "match": Object {
            "isExact": true,
            "params": Object {},
            "path": "/",
            "url": "/",
          },
        },
        "staticContext": undefined,
      },
    },
  },
}
`;
