// Jest Snapshot v1, https://goo.gl/fbAQLP

exports[`ProjectExternalLink should render and match the snapshot 1`] = `
ShallowWrapper {
  "length": 1,
  Symbol(enzyme.__root__): [Circular],
  Symbol(enzyme.__unrendered__): <ProjectExternalLink
    faIcon="meh-o"
    name="Name"
    url="#"
/>,
  Symbol(enzyme.__renderer__): Object {
    "batchedUpdates": [Function],
    "getNode": [Function],
    "render": [Function],
    "simulateEvent": [Function],
    "unmount": [Function],
  },
  Symbol(enzyme.__node__): Object {
    "instance": null,
    "key": null,
    "nodeType": "class",
    "props": Object {
      "children": <styled.a
        href="#"
        rel="noopener noreferrer"
        target="_blank"
>
        <FontAwesome
                fixedWidth={true}
                name="meh-o"
        />
        <styled.span>
                Name
        </styled.span>
</styled.a>,
      "data-tip": "Name",
    },
    "ref": null,
    "rendered": Object {
      "instance": null,
      "key": null,
      "nodeType": "class",
      "props": Object {
        "children": Array [
          <FontAwesome
            fixedWidth={true}
            name="meh-o"
/>,
          <styled.span>
            Name
</styled.span>,
        ],
        "href": "#",
        "rel": "noopener noreferrer",
        "target": "_blank",
      },
      "ref": null,
      "rendered": Array [
        Object {
          "instance": null,
          "key": null,
          "nodeType": "class",
          "props": Object {
            "fixedWidth": true,
            "name": "meh-o",
          },
          "ref": null,
          "rendered": null,
          "type": [Function],
        },
        Object {
          "instance": null,
          "key": null,
          "nodeType": "class",
          "props": Object {
            "children": "Name",
          },
          "ref": null,
          "rendered": "Name",
          "type": [Function],
        },
      ],
      "type": [Function],
    },
    "type": [Function],
  },
  Symbol(enzyme.__nodes__): Array [
    Object {
      "instance": null,
      "key": null,
      "nodeType": "class",
      "props": Object {
        "children": <styled.a
          href="#"
          rel="noopener noreferrer"
          target="_blank"
>
          <FontAwesome
                    fixedWidth={true}
                    name="meh-o"
          />
          <styled.span>
                    Name
          </styled.span>
</styled.a>,
        "data-tip": "Name",
      },
      "ref": null,
      "rendered": Object {
        "instance": null,
        "key": null,
        "nodeType": "class",
        "props": Object {
          "children": Array [
            <FontAwesome
              fixedWidth={true}
              name="meh-o"
/>,
            <styled.span>
              Name
</styled.span>,
          ],
          "href": "#",
          "rel": "noopener noreferrer",
          "target": "_blank",
        },
        "ref": null,
        "rendered": Array [
          Object {
            "instance": null,
            "key": null,
            "nodeType": "class",
            "props": Object {
              "fixedWidth": true,
              "name": "meh-o",
            },
            "ref": null,
            "rendered": null,
            "type": [Function],
          },
          Object {
            "instance": null,
            "key": null,
            "nodeType": "class",
            "props": Object {
              "children": "Name",
            },
            "ref": null,
            "rendered": "Name",
            "type": [Function],
          },
        ],
        "type": [Function],
      },
      "type": [Function],
    },
  ],
  Symbol(enzyme.__options__): Object {
    "adapter": ReactSixteenAdapter {
      "options": Object {
        "enableComponentDidUpdateOnSetState": true,
      },
    },
  },
}
`;
