// Jest Snapshot v1, https://goo.gl/fbAQLP

exports[`Project should render and match the snapshot 1`] = `
ShallowWrapper {
  "length": 1,
  Symbol(enzyme.__root__): [Circular],
  Symbol(enzyme.__unrendered__): <Project
    links={
        Array [
            Object {
              "faIcon": "github",
              "name": "github",
              "url": "https://github.com/",
            },
            Object {
              "faIcon": "codepen",
              "name": "codepen",
              "url": "https://codepen.io/",
            },
          ]
    }
    title="New Project"
/>,
  Symbol(enzyme.__renderer__): Object {
    "batchedUpdates": [Function],
    "getNode": [Function],
    "render": [Function],
    "simulateEvent": [Function],
    "unmount": [Function],
  },
  Symbol(enzyme.__node__): Object {
    "instance": null,
    "key": null,
    "nodeType": "class",
    "props": Object {
      "children": Array [
        <MediaAsset
          imageSource={undefined}
          isOdd={undefined}
/>,
        <styled.div>
          <div>
                    <styled.div>
                              <styled.h2>
                                        New Project
                              </styled.h2>
                              <ProjectLinksList
                                        links={
                                                  Array [
                                                            Object {
                                                              "faIcon": "github",
                                                              "name": "github",
                                                              "url": "https://github.com/",
                                                            },
                                                            Object {
                                                              "faIcon": "codepen",
                                                              "name": "codepen",
                                                              "url": "https://codepen.io/",
                                                            },
                                                          ]
                                        }
                              />
                    </styled.div>
                    <styled.p>
                              <strong />
                    </styled.p>
          </div>
          <styled.p />
</styled.div>,
        <ReactTooltip
          insecure={true}
          resizeHide={true}
          wrapper="div"
/>,
      ],
    },
    "ref": null,
    "rendered": Array [
      Object {
        "instance": null,
        "key": null,
        "nodeType": "function",
        "props": Object {
          "imageSource": undefined,
          "isOdd": undefined,
        },
        "ref": null,
        "rendered": null,
        "type": [Function],
      },
      Object {
        "instance": null,
        "key": null,
        "nodeType": "class",
        "props": Object {
          "children": Array [
            <div>
              <styled.div>
                            <styled.h2>
                                          New Project
                            </styled.h2>
                            <ProjectLinksList
                                          links={
                                                        Array [
                                                                      Object {
                                                                        "faIcon": "github",
                                                                        "name": "github",
                                                                        "url": "https://github.com/",
                                                                      },
                                                                      Object {
                                                                        "faIcon": "codepen",
                                                                        "name": "codepen",
                                                                        "url": "https://codepen.io/",
                                                                      },
                                                                    ]
                                          }
                            />
              </styled.div>
              <styled.p>
                            <strong />
              </styled.p>
</div>,
            <styled.p />,
          ],
        },
        "ref": null,
        "rendered": Array [
          Object {
            "instance": null,
            "key": null,
            "nodeType": "host",
            "props": Object {
              "children": Array [
                <styled.div>
                  <styled.h2>
                                    New Project
                  </styled.h2>
                  <ProjectLinksList
                                    links={
                                                      Array [
                                                                        Object {
                                                                          "faIcon": "github",
                                                                          "name": "github",
                                                                          "url": "https://github.com/",
                                                                        },
                                                                        Object {
                                                                          "faIcon": "codepen",
                                                                          "name": "codepen",
                                                                          "url": "https://codepen.io/",
                                                                        },
                                                                      ]
                                    }
                  />
</styled.div>,
                <styled.p>
                  <strong />
</styled.p>,
              ],
            },
            "ref": null,
            "rendered": Array [
              Object {
                "instance": null,
                "key": null,
                "nodeType": "class",
                "props": Object {
                  "children": Array [
                    <styled.h2>
                      New Project
</styled.h2>,
                    <ProjectLinksList
                      links={
                                            Array [
                                                                  Object {
                                                                    "faIcon": "github",
                                                                    "name": "github",
                                                                    "url": "https://github.com/",
                                                                  },
                                                                  Object {
                                                                    "faIcon": "codepen",
                                                                    "name": "codepen",
                                                                    "url": "https://codepen.io/",
                                                                  },
                                                                ]
                      }
/>,
                  ],
                },
                "ref": null,
                "rendered": Array [
                  Object {
                    "instance": null,
                    "key": null,
                    "nodeType": "class",
                    "props": Object {
                      "children": "New Project",
                    },
                    "ref": null,
                    "rendered": "New Project",
                    "type": [Function],
                  },
                  Object {
                    "instance": null,
                    "key": null,
                    "nodeType": "function",
                    "props": Object {
                      "links": Array [
                        Object {
                          "faIcon": "github",
                          "name": "github",
                          "url": "https://github.com/",
                        },
                        Object {
                          "faIcon": "codepen",
                          "name": "codepen",
                          "url": "https://codepen.io/",
                        },
                      ],
                    },
                    "ref": null,
                    "rendered": null,
                    "type": [Function],
                  },
                ],
                "type": [Function],
              },
              Object {
                "instance": null,
                "key": null,
                "nodeType": "class",
                "props": Object {
                  "children": <strong />,
                },
                "ref": null,
                "rendered": Object {
                  "instance": null,
                  "key": null,
                  "nodeType": "host",
                  "props": Object {
                    "children": undefined,
                  },
                  "ref": null,
                  "rendered": null,
                  "type": "strong",
                },
                "type": [Function],
              },
            ],
            "type": "div",
          },
          Object {
            "instance": null,
            "key": null,
            "nodeType": "class",
            "props": Object {
              "children": undefined,
            },
            "ref": null,
            "rendered": null,
            "type": [Function],
          },
        ],
        "type": [Function],
      },
      Object {
        "instance": null,
        "key": null,
        "nodeType": "class",
        "props": Object {
          "insecure": true,
          "resizeHide": true,
          "wrapper": "div",
        },
        "ref": null,
        "rendered": null,
        "type": [Function],
      },
    ],
    "type": [Function],
  },
  Symbol(enzyme.__nodes__): Array [
    Object {
      "instance": null,
      "key": null,
      "nodeType": "class",
      "props": Object {
        "children": Array [
          <MediaAsset
            imageSource={undefined}
            isOdd={undefined}
/>,
          <styled.div>
            <div>
                        <styled.div>
                                    <styled.h2>
                                                New Project
                                    </styled.h2>
                                    <ProjectLinksList
                                                links={
                                                            Array [
                                                                        Object {
                                                                          "faIcon": "github",
                                                                          "name": "github",
                                                                          "url": "https://github.com/",
                                                                        },
                                                                        Object {
                                                                          "faIcon": "codepen",
                                                                          "name": "codepen",
                                                                          "url": "https://codepen.io/",
                                                                        },
                                                                      ]
                                                }
                                    />
                        </styled.div>
                        <styled.p>
                                    <strong />
                        </styled.p>
            </div>
            <styled.p />
</styled.div>,
          <ReactTooltip
            insecure={true}
            resizeHide={true}
            wrapper="div"
/>,
        ],
      },
      "ref": null,
      "rendered": Array [
        Object {
          "instance": null,
          "key": null,
          "nodeType": "function",
          "props": Object {
            "imageSource": undefined,
            "isOdd": undefined,
          },
          "ref": null,
          "rendered": null,
          "type": [Function],
        },
        Object {
          "instance": null,
          "key": null,
          "nodeType": "class",
          "props": Object {
            "children": Array [
              <div>
                <styled.div>
                                <styled.h2>
                                                New Project
                                </styled.h2>
                                <ProjectLinksList
                                                links={
                                                                Array [
                                                                                Object {
                                                                                  "faIcon": "github",
                                                                                  "name": "github",
                                                                                  "url": "https://github.com/",
                                                                                },
                                                                                Object {
                                                                                  "faIcon": "codepen",
                                                                                  "name": "codepen",
                                                                                  "url": "https://codepen.io/",
                                                                                },
                                                                              ]
                                                }
                                />
                </styled.div>
                <styled.p>
                                <strong />
                </styled.p>
</div>,
              <styled.p />,
            ],
          },
          "ref": null,
          "rendered": Array [
            Object {
              "instance": null,
              "key": null,
              "nodeType": "host",
              "props": Object {
                "children": Array [
                  <styled.div>
                    <styled.h2>
                                        New Project
                    </styled.h2>
                    <ProjectLinksList
                                        links={
                                                            Array [
                                                                                Object {
                                                                                  "faIcon": "github",
                                                                                  "name": "github",
                                                                                  "url": "https://github.com/",
                                                                                },
                                                                                Object {
                                                                                  "faIcon": "codepen",
                                                                                  "name": "codepen",
                                                                                  "url": "https://codepen.io/",
                                                                                },
                                                                              ]
                                        }
                    />
</styled.div>,
                  <styled.p>
                    <strong />
</styled.p>,
                ],
              },
              "ref": null,
              "rendered": Array [
                Object {
                  "instance": null,
                  "key": null,
                  "nodeType": "class",
                  "props": Object {
                    "children": Array [
                      <styled.h2>
                        New Project
</styled.h2>,
                      <ProjectLinksList
                        links={
                                                Array [
                                                                        Object {
                                                                          "faIcon": "github",
                                                                          "name": "github",
                                                                          "url": "https://github.com/",
                                                                        },
                                                                        Object {
                                                                          "faIcon": "codepen",
                                                                          "name": "codepen",
                                                                          "url": "https://codepen.io/",
                                                                        },
                                                                      ]
                        }
/>,
                    ],
                  },
                  "ref": null,
                  "rendered": Array [
                    Object {
                      "instance": null,
                      "key": null,
                      "nodeType": "class",
                      "props": Object {
                        "children": "New Project",
                      },
                      "ref": null,
                      "rendered": "New Project",
                      "type": [Function],
                    },
                    Object {
                      "instance": null,
                      "key": null,
                      "nodeType": "function",
                      "props": Object {
                        "links": Array [
                          Object {
                            "faIcon": "github",
                            "name": "github",
                            "url": "https://github.com/",
                          },
                          Object {
                            "faIcon": "codepen",
                            "name": "codepen",
                            "url": "https://codepen.io/",
                          },
                        ],
                      },
                      "ref": null,
                      "rendered": null,
                      "type": [Function],
                    },
                  ],
                  "type": [Function],
                },
                Object {
                  "instance": null,
                  "key": null,
                  "nodeType": "class",
                  "props": Object {
                    "children": <strong />,
                  },
                  "ref": null,
                  "rendered": Object {
                    "instance": null,
                    "key": null,
                    "nodeType": "host",
                    "props": Object {
                      "children": undefined,
                    },
                    "ref": null,
                    "rendered": null,
                    "type": "strong",
                  },
                  "type": [Function],
                },
              ],
              "type": "div",
            },
            Object {
              "instance": null,
              "key": null,
              "nodeType": "class",
              "props": Object {
                "children": undefined,
              },
              "ref": null,
              "rendered": null,
              "type": [Function],
            },
          ],
          "type": [Function],
        },
        Object {
          "instance": null,
          "key": null,
          "nodeType": "class",
          "props": Object {
            "insecure": true,
            "resizeHide": true,
            "wrapper": "div",
          },
          "ref": null,
          "rendered": null,
          "type": [Function],
        },
      ],
      "type": [Function],
    },
  ],
  Symbol(enzyme.__options__): Object {
    "adapter": ReactSixteenAdapter {
      "options": Object {
        "enableComponentDidUpdateOnSetState": true,
      },
    },
  },
}
`;
