// Jest Snapshot v1, https://goo.gl/fbAQLP

exports[`Aside Should render and match the snapshot 1`] = `
.c0 {
  float: right;
  padding: 0 1em 0 4em;
  background-image: linear-gradient(45deg,transparent 23%,#fff 23%);
  color: #575756;
}

<aside
  className="c0"
/>
`;
