// Jest Snapshot v1, https://goo.gl/fbAQLP

exports[`VisuallyHiddenSpan Should render and match the snapshot 1`] = `
.c0 {
  position: absolute !important;
  width: 1px !important;
  height: 1px !important;
  margin: -1px !important;
  padding: 0 !important;
  border: 0 !important;
  overflow: hidden !important;
  -webkit-clip: rect(0 0 0 0) !important;
  clip: rect(0 0 0 0) !important;
}

<span
  className="c0"
/>
`;
