// Jest Snapshot v1, https://goo.gl/fbAQLP

exports[`StyledLI Should render and match the snapshot 1`] = `
.c0 {
  display: -webkit-box;
  display: -webkit-flex;
  display: -ms-flexbox;
  display: flex;
  list-style: none;
}

<ul
  className="c0"
/>
`;
