// Jest Snapshot v1, https://goo.gl/fbAQLP

exports[`StyledA Should render and match the snapshot 1`] = `
.c0 {
  color: #575756;
  text-decoration: none;
}

<a
  className="c0"
/>
`;
