// Jest Snapshot v1, https://goo.gl/fbAQLP

exports[`Brand should render and match the snapshot 1`] = `
ShallowWrapper {
  "length": 1,
  Symbol(enzyme.__root__): [Circular],
  Symbol(enzyme.__unrendered__): <Brand
    href="/"
    imageSource="my-logo.svg"
    text="JOHAN MEESTER"
/>,
  Symbol(enzyme.__renderer__): Object {
    "batchedUpdates": [Function],
    "getNode": [Function],
    "render": [Function],
    "simulateEvent": [Function],
    "unmount": [Function],
  },
  Symbol(enzyme.__node__): Object {
    "instance": null,
    "key": null,
    "nodeType": "class",
    "props": Object {
      "children": <styled.a
        href="/"
>
        <Media
                bodyAlign="middle"
                imageAlign="middle"
                imageAlt="logo"
                imageHeight="45px"
                imageSource="my-logo.svg"
                imageWidth="45px"
                spacing="0"
        >
                JOHAN MEESTER
        </Media>
</styled.a>,
    },
    "ref": null,
    "rendered": Object {
      "instance": null,
      "key": null,
      "nodeType": "class",
      "props": Object {
        "children": <Media
          bodyAlign="middle"
          imageAlign="middle"
          imageAlt="logo"
          imageHeight="45px"
          imageSource="my-logo.svg"
          imageWidth="45px"
          spacing="0"
>
          JOHAN MEESTER
</Media>,
        "href": "/",
      },
      "ref": null,
      "rendered": Object {
        "instance": null,
        "key": null,
        "nodeType": "function",
        "props": Object {
          "bodyAlign": "middle",
          "children": "JOHAN MEESTER",
          "imageAlign": "middle",
          "imageAlt": "logo",
          "imageHeight": "45px",
          "imageSource": "my-logo.svg",
          "imageWidth": "45px",
          "spacing": "0",
        },
        "ref": null,
        "rendered": "JOHAN MEESTER",
        "type": [Function],
      },
      "type": [Function],
    },
    "type": [Function],
  },
  Symbol(enzyme.__nodes__): Array [
    Object {
      "instance": null,
      "key": null,
      "nodeType": "class",
      "props": Object {
        "children": <styled.a
          href="/"
>
          <Media
                    bodyAlign="middle"
                    imageAlign="middle"
                    imageAlt="logo"
                    imageHeight="45px"
                    imageSource="my-logo.svg"
                    imageWidth="45px"
                    spacing="0"
          >
                    JOHAN MEESTER
          </Media>
</styled.a>,
      },
      "ref": null,
      "rendered": Object {
        "instance": null,
        "key": null,
        "nodeType": "class",
        "props": Object {
          "children": <Media
            bodyAlign="middle"
            imageAlign="middle"
            imageAlt="logo"
            imageHeight="45px"
            imageSource="my-logo.svg"
            imageWidth="45px"
            spacing="0"
>
            JOHAN MEESTER
</Media>,
          "href": "/",
        },
        "ref": null,
        "rendered": Object {
          "instance": null,
          "key": null,
          "nodeType": "function",
          "props": Object {
            "bodyAlign": "middle",
            "children": "JOHAN MEESTER",
            "imageAlign": "middle",
            "imageAlt": "logo",
            "imageHeight": "45px",
            "imageSource": "my-logo.svg",
            "imageWidth": "45px",
            "spacing": "0",
          },
          "ref": null,
          "rendered": "JOHAN MEESTER",
          "type": [Function],
        },
        "type": [Function],
      },
      "type": [Function],
    },
  ],
  Symbol(enzyme.__options__): Object {
    "adapter": ReactSixteenAdapter {
      "options": Object {
        "enableComponentDidUpdateOnSetState": true,
      },
    },
  },
}
`;
