// Jest Snapshot v1, https://goo.gl/fbAQLP

exports[`SiteNavigation Should render and match the snapshot 1`] = `
.c0 {
  width: 100%;
  padding: .35rem 0;
  position: unset;
  top: 0;
  background-color: #575756;
}

@media (min-width:37.5em) {
  .c0 {
    left: 100%;
    position: absolute;
    top: 4.8125rem;
    width: unset;
    padding: 0 .35rem;
    -webkit-transform: rotate(90deg);
    -ms-transform: rotate(90deg);
    transform: rotate(90deg);
    -webkit-transform-origin: top left;
    -ms-transform-origin: top left;
    transform-origin: top left;
    background-color: transparent;
    border-bottom: none;
  }
}

<nav
  className="c0"
/>
`;
