// Jest Snapshot v1, https://goo.gl/fbAQLP

exports[`StyledLI Should render and match the snapshot 1`] = `
.c0 {
  vertical-align: middle;
}

@media (min-width:37.5em) {
  .c0 {
    margin-top: 2vw;
  }
}

@media (min-width:37.5em) {
  .c0:not(:first-child) {
    margin-left: 1vh;
  }
}

<li
  className="c0"
/>
`;
