// Jest Snapshot v1, https://goo.gl/fbAQLP

exports[`Media should render and match the snapshot 1`] = `
ShallowWrapper {
  "length": 1,
  Symbol(enzyme.__root__): [Circular],
  Symbol(enzyme.__unrendered__): <Media
    imageAlt="test"
    imageSource="/test.png"
    spacing="0"
/>,
  Symbol(enzyme.__renderer__): Object {
    "batchedUpdates": [Function],
    "getNode": [Function],
    "render": [Function],
    "simulateEvent": [Function],
    "unmount": [Function],
  },
  Symbol(enzyme.__node__): Object {
    "instance": null,
    "key": null,
    "nodeType": "class",
    "props": Object {
      "children": Array [
        <MediaImage
          imageAlign="top"
          imageAlt="test"
          imageHeight="auto"
          imageLink={undefined}
          imageSource="/test.png"
          imageWidth="100%"
          reverse={false}
          spacing="0"
/>,
        <MediaBody
          bodyAlign="top"
          reverse={false}
          spacing="0"
/>,
      ],
    },
    "ref": null,
    "rendered": Array [
      Object {
        "instance": null,
        "key": null,
        "nodeType": "function",
        "props": Object {
          "imageAlign": "top",
          "imageAlt": "test",
          "imageHeight": "auto",
          "imageLink": undefined,
          "imageSource": "/test.png",
          "imageWidth": "100%",
          "reverse": false,
          "spacing": "0",
        },
        "ref": null,
        "rendered": null,
        "type": [Function],
      },
      Object {
        "instance": null,
        "key": null,
        "nodeType": "function",
        "props": Object {
          "bodyAlign": "top",
          "children": undefined,
          "reverse": false,
          "spacing": "0",
        },
        "ref": null,
        "rendered": null,
        "type": [Function],
      },
    ],
    "type": [Function],
  },
  Symbol(enzyme.__nodes__): Array [
    Object {
      "instance": null,
      "key": null,
      "nodeType": "class",
      "props": Object {
        "children": Array [
          <MediaImage
            imageAlign="top"
            imageAlt="test"
            imageHeight="auto"
            imageLink={undefined}
            imageSource="/test.png"
            imageWidth="100%"
            reverse={false}
            spacing="0"
/>,
          <MediaBody
            bodyAlign="top"
            reverse={false}
            spacing="0"
/>,
        ],
      },
      "ref": null,
      "rendered": Array [
        Object {
          "instance": null,
          "key": null,
          "nodeType": "function",
          "props": Object {
            "imageAlign": "top",
            "imageAlt": "test",
            "imageHeight": "auto",
            "imageLink": undefined,
            "imageSource": "/test.png",
            "imageWidth": "100%",
            "reverse": false,
            "spacing": "0",
          },
          "ref": null,
          "rendered": null,
          "type": [Function],
        },
        Object {
          "instance": null,
          "key": null,
          "nodeType": "function",
          "props": Object {
            "bodyAlign": "top",
            "children": undefined,
            "reverse": false,
            "spacing": "0",
          },
          "ref": null,
          "rendered": null,
          "type": [Function],
        },
      ],
      "type": [Function],
    },
  ],
  Symbol(enzyme.__options__): Object {
    "adapter": ReactSixteenAdapter {
      "options": Object {
        "enableComponentDidUpdateOnSetState": true,
      },
    },
  },
}
`;
