// Jest Snapshot v1, https://goo.gl/fbAQLP

exports[`MediaAsset should render and match the snapshot 1`] = `
ShallowWrapper {
  "length": 1,
  Symbol(enzyme.__root__): [Circular],
  Symbol(enzyme.__unrendered__): <MediaAsset />,
  Symbol(enzyme.__renderer__): Object {
    "batchedUpdates": [Function],
    "getNode": [Function],
    "render": [Function],
    "simulateEvent": [Function],
    "unmount": [Function],
  },
  Symbol(enzyme.__node__): Object {
    "instance": null,
    "key": null,
    "nodeType": "class",
    "props": Object {
      "children": <styled.div>
        <Styled(ResponsiveImage)
                imageAlt="Project"
                imageSource={undefined}
                ratio="16by9"
        />
</styled.div>,
      "isOdd": undefined,
    },
    "ref": null,
    "rendered": Object {
      "instance": null,
      "key": null,
      "nodeType": "class",
      "props": Object {
        "children": <Styled(ResponsiveImage)
          imageAlt="Project"
          imageSource={undefined}
          ratio="16by9"
/>,
      },
      "ref": null,
      "rendered": Object {
        "instance": null,
        "key": null,
        "nodeType": "class",
        "props": Object {
          "imageAlt": "Project",
          "imageSource": undefined,
          "ratio": "16by9",
        },
        "ref": null,
        "rendered": null,
        "type": [Function],
      },
      "type": [Function],
    },
    "type": [Function],
  },
  Symbol(enzyme.__nodes__): Array [
    Object {
      "instance": null,
      "key": null,
      "nodeType": "class",
      "props": Object {
        "children": <styled.div>
          <Styled(ResponsiveImage)
                    imageAlt="Project"
                    imageSource={undefined}
                    ratio="16by9"
          />
</styled.div>,
        "isOdd": undefined,
      },
      "ref": null,
      "rendered": Object {
        "instance": null,
        "key": null,
        "nodeType": "class",
        "props": Object {
          "children": <Styled(ResponsiveImage)
            imageAlt="Project"
            imageSource={undefined}
            ratio="16by9"
/>,
        },
        "ref": null,
        "rendered": Object {
          "instance": null,
          "key": null,
          "nodeType": "class",
          "props": Object {
            "imageAlt": "Project",
            "imageSource": undefined,
            "ratio": "16by9",
          },
          "ref": null,
          "rendered": null,
          "type": [Function],
        },
        "type": [Function],
      },
      "type": [Function],
    },
  ],
  Symbol(enzyme.__options__): Object {
    "adapter": ReactSixteenAdapter {
      "options": Object {
        "enableComponentDidUpdateOnSetState": true,
      },
    },
  },
}
`;
